../Core/Src/main.c:40:6:LED_Init	16	static
../Core/Src/main.c:48:6:USART1_Init	40	static
../Core/Src/main.c:70:6:ADC_Init	32	static
../Core/Src/main.c:92:10:ADC_Get_Val	24	static
../Core/Src/main.c:104:6:Get_Temp_Value	8	static
../Core/Src/main.c:112:6:float_to_string	64	static
../Core/Src/main.c:148:6:TIM_Init	32	static
../Core/Src/main.c:163:6:TIM1_UP_TIM10_IRQHandler	16	static
../Core/Src/main.c:171:6:TIM1_Disable	16	static
../Core/Src/main.c:179:6:USART_Send	24	static
../Core/Src/main.c:187:6:USART_Multi_Send	24	static
../Core/Src/main.c:198:6:USART1_IRQHandler	24	static
../Core/Src/main.c:221:6:Check_Msg	16	static
../Core/Src/main.c:236:48:Unclock_flash	16	static
../Core/Src/main.c:246:48:Erase_flash	24	static
../Core/Src/main.c:258:48:Program_Flash	40	static
../Core/Src/main.c:270:48:update	16	static,ignoring_inline_asm
../Core/Src/main.c:281:6:Ctrl_Led	24	static
../Core/Src/main.c:295:5:main	40	static
